// Jest Snapshot v1, https://goo.gl/fbAQLP

exports[`Tags Component should render properly 1`] = `
ShallowWrapper {
  "length": 1,
  Symbol(enzyme.__root__): [Circular],
  Symbol(enzyme.__unrendered__): <Tags
    onClickTag={[Function]}
    tags={
        Array [
            Object {
              "_id": "1",
              "name": "Tag 1",
            },
            Object {
              "_id": "2",
              "name": "Tag 2",
            },
          ]
    }
/>,
  Symbol(enzyme.__renderer__): Object {
    "batchedUpdates": [Function],
    "getNode": [Function],
    "render": [Function],
    "simulateEvent": [Function],
    "unmount": [Function],
  },
  Symbol(enzyme.__node__): Object {
    "instance": null,
    "key": undefined,
    "nodeType": "class",
    "props": Object {
      "children": Array [
        <glamorous.Div>
          <Icon
                    as="i"
                    disabled={true}
                    name="tags"
                    size="small"
          />
</glamorous.Div>,
        Array [
          <glamorous.Div
            css={
                        Object {
                                    "borderRadius": "0.8em",
                                    "color": "#15c850",
                                    "fontSize": "0.8em",
                                    "fontWeight": "600",
                                    "margin": "0 4px 4px 4px",
                                  }
            }
            id="1"
            onClick={[Function]}
>
            Tag 1
</glamorous.Div>,
          <glamorous.Div
            css={
                        Object {
                                    "borderRadius": "0.8em",
                                    "color": "#15c850",
                                    "fontSize": "0.8em",
                                    "fontWeight": "600",
                                    "margin": "0 4px 4px 4px",
                                  }
            }
            id="2"
            onClick={[Function]}
>
            Tag 2
</glamorous.Div>,
        ],
      ],
      "css": Object {
        "display": "flex",
        "flex": "1",
        "flexWrap": "wrap",
        "marginTop": "6px",
      },
    },
    "ref": null,
    "rendered": Array [
      Object {
        "instance": null,
        "key": undefined,
        "nodeType": "class",
        "props": Object {
          "children": <Icon
            as="i"
            disabled={true}
            name="tags"
            size="small"
/>,
        },
        "ref": null,
        "rendered": Object {
          "instance": null,
          "key": undefined,
          "nodeType": "class",
          "props": Object {
            "as": "i",
            "disabled": true,
            "name": "tags",
            "size": "small",
          },
          "ref": null,
          "rendered": null,
          "type": [Function],
        },
        "type": [Function],
      },
      Object {
        "instance": null,
        "key": "1",
        "nodeType": "class",
        "props": Object {
          "children": "Tag 1",
          "css": Object {
            "borderRadius": "0.8em",
            "color": "#15c850",
            "fontSize": "0.8em",
            "fontWeight": "600",
            "margin": "0 4px 4px 4px",
          },
          "id": "1",
          "onClick": [Function],
        },
        "ref": null,
        "rendered": "Tag 1",
        "type": [Function],
      },
      Object {
        "instance": null,
        "key": "2",
        "nodeType": "class",
        "props": Object {
          "children": "Tag 2",
          "css": Object {
            "borderRadius": "0.8em",
            "color": "#15c850",
            "fontSize": "0.8em",
            "fontWeight": "600",
            "margin": "0 4px 4px 4px",
          },
          "id": "2",
          "onClick": [Function],
        },
        "ref": null,
        "rendered": "Tag 2",
        "type": [Function],
      },
    ],
    "type": [Function],
  },
  Symbol(enzyme.__nodes__): Array [
    Object {
      "instance": null,
      "key": undefined,
      "nodeType": "class",
      "props": Object {
        "children": Array [
          <glamorous.Div>
            <Icon
                        as="i"
                        disabled={true}
                        name="tags"
                        size="small"
            />
</glamorous.Div>,
          Array [
            <glamorous.Div
              css={
                            Object {
                                          "borderRadius": "0.8em",
                                          "color": "#15c850",
                                          "fontSize": "0.8em",
                                          "fontWeight": "600",
                                          "margin": "0 4px 4px 4px",
                                        }
              }
              id="1"
              onClick={[Function]}
>
              Tag 1
</glamorous.Div>,
            <glamorous.Div
              css={
                            Object {
                                          "borderRadius": "0.8em",
                                          "color": "#15c850",
                                          "fontSize": "0.8em",
                                          "fontWeight": "600",
                                          "margin": "0 4px 4px 4px",
                                        }
              }
              id="2"
              onClick={[Function]}
>
              Tag 2
</glamorous.Div>,
          ],
        ],
        "css": Object {
          "display": "flex",
          "flex": "1",
          "flexWrap": "wrap",
          "marginTop": "6px",
        },
      },
      "ref": null,
      "rendered": Array [
        Object {
          "instance": null,
          "key": undefined,
          "nodeType": "class",
          "props": Object {
            "children": <Icon
              as="i"
              disabled={true}
              name="tags"
              size="small"
/>,
          },
          "ref": null,
          "rendered": Object {
            "instance": null,
            "key": undefined,
            "nodeType": "class",
            "props": Object {
              "as": "i",
              "disabled": true,
              "name": "tags",
              "size": "small",
            },
            "ref": null,
            "rendered": null,
            "type": [Function],
          },
          "type": [Function],
        },
        Object {
          "instance": null,
          "key": "1",
          "nodeType": "class",
          "props": Object {
            "children": "Tag 1",
            "css": Object {
              "borderRadius": "0.8em",
              "color": "#15c850",
              "fontSize": "0.8em",
              "fontWeight": "600",
              "margin": "0 4px 4px 4px",
            },
            "id": "1",
            "onClick": [Function],
          },
          "ref": null,
          "rendered": "Tag 1",
          "type": [Function],
        },
        Object {
          "instance": null,
          "key": "2",
          "nodeType": "class",
          "props": Object {
            "children": "Tag 2",
            "css": Object {
              "borderRadius": "0.8em",
              "color": "#15c850",
              "fontSize": "0.8em",
              "fontWeight": "600",
              "margin": "0 4px 4px 4px",
            },
            "id": "2",
            "onClick": [Function],
          },
          "ref": null,
          "rendered": "Tag 2",
          "type": [Function],
        },
      ],
      "type": [Function],
    },
  ],
  Symbol(enzyme.__options__): Object {
    "adapter": ReactSixteenAdapter {
      "options": Object {
        "enableComponentDidUpdateOnSetState": true,
      },
    },
    "disableLifecycleMethods": true,
  },
}
`;
