// Jest Snapshot v1, https://goo.gl/fbAQLP

exports[`HomeScreen Component should redenders properly 1`] = `
ShallowWrapper {
  "length": 1,
  Symbol(enzyme.__root__): [Circular],
  Symbol(enzyme.__unrendered__): <HomeScreen />,
  Symbol(enzyme.__renderer__): Object {
    "batchedUpdates": [Function],
    "getNode": [Function],
    "render": [Function],
    "simulateEvent": [Function],
    "unmount": [Function],
  },
  Symbol(enzyme.__node__): Object {
    "instance": null,
    "key": undefined,
    "nodeType": "function",
    "props": Object {
      "centered": true,
      "children": <GridColumn
        computer={8}
        mobile={15}
        tablet={10}
>
        
</GridColumn>,
      "columns": 1,
    },
    "ref": null,
    "rendered": Object {
      "instance": null,
      "key": undefined,
      "nodeType": "function",
      "props": Object {
        "children": Array [],
        "computer": 8,
        "mobile": 15,
        "tablet": 10,
      },
      "ref": null,
      "rendered": Array [],
      "type": [Function],
    },
    "type": [Function],
  },
  Symbol(enzyme.__nodes__): Array [
    Object {
      "instance": null,
      "key": undefined,
      "nodeType": "function",
      "props": Object {
        "centered": true,
        "children": <GridColumn
          computer={8}
          mobile={15}
          tablet={10}
>
          
</GridColumn>,
        "columns": 1,
      },
      "ref": null,
      "rendered": Object {
        "instance": null,
        "key": undefined,
        "nodeType": "function",
        "props": Object {
          "children": Array [],
          "computer": 8,
          "mobile": 15,
          "tablet": 10,
        },
        "ref": null,
        "rendered": Array [],
        "type": [Function],
      },
      "type": [Function],
    },
  ],
  Symbol(enzyme.__options__): Object {
    "adapter": ReactSixteenAdapter {
      "options": Object {
        "enableComponentDidUpdateOnSetState": true,
      },
    },
    "disableLifecycleMethods": true,
  },
}
`;
