// Jest Snapshot v1, https://goo.gl/fbAQLP

exports[`Header Component should redenders properly 1`] = `
ShallowWrapper {
  "length": 1,
  Symbol(enzyme.__root__): [Circular],
  Symbol(enzyme.__unrendered__): <Header />,
  Symbol(enzyme.__renderer__): Object {
    "batchedUpdates": [Function],
    "getNode": [Function],
    "render": [Function],
    "simulateEvent": [Function],
    "unmount": [Function],
  },
  Symbol(enzyme.__node__): Object {
    "instance": null,
    "key": undefined,
    "nodeType": "function",
    "props": Object {
      "centered": true,
      "children": Array [
        <GridColumn
          computer={4}
          floated="left"
          only="tablet computer"
          tablet={4}
>
          <Image
                    as="img"
                    size="tiny"
                    src="logo.svg"
                    ui={true}
          />
</GridColumn>,
        <GridColumn
          computer={8}
          mobile={10}
          stretched={true}
          tablet={8}
          textAlign="center"
          verticalAlign="middle"
>
          <Input
                    placeholder="Search..."
                    type="text"
          />
</GridColumn>,
        <GridColumn
          computer={4}
          mobile={6}
          tablet={4}
          textAlign="right"
/>,
      ],
      "columns": 3,
    },
    "ref": null,
    "rendered": Array [
      Object {
        "instance": null,
        "key": undefined,
        "nodeType": "function",
        "props": Object {
          "children": <Image
            as="img"
            size="tiny"
            src="logo.svg"
            ui={true}
/>,
          "computer": 4,
          "floated": "left",
          "only": "tablet computer",
          "tablet": 4,
        },
        "ref": null,
        "rendered": Object {
          "instance": null,
          "key": undefined,
          "nodeType": "function",
          "props": Object {
            "as": "img",
            "size": "tiny",
            "src": "logo.svg",
            "ui": true,
          },
          "ref": null,
          "rendered": null,
          "type": [Function],
        },
        "type": [Function],
      },
      Object {
        "instance": null,
        "key": undefined,
        "nodeType": "function",
        "props": Object {
          "children": <Input
            placeholder="Search..."
            type="text"
/>,
          "computer": 8,
          "mobile": 10,
          "stretched": true,
          "tablet": 8,
          "textAlign": "center",
          "verticalAlign": "middle",
        },
        "ref": null,
        "rendered": Object {
          "instance": null,
          "key": undefined,
          "nodeType": "class",
          "props": Object {
            "placeholder": "Search...",
            "type": "text",
          },
          "ref": null,
          "rendered": null,
          "type": [Function],
        },
        "type": [Function],
      },
      Object {
        "instance": null,
        "key": undefined,
        "nodeType": "function",
        "props": Object {
          "computer": 4,
          "mobile": 6,
          "tablet": 4,
          "textAlign": "right",
        },
        "ref": null,
        "rendered": null,
        "type": [Function],
      },
    ],
    "type": [Function],
  },
  Symbol(enzyme.__nodes__): Array [
    Object {
      "instance": null,
      "key": undefined,
      "nodeType": "function",
      "props": Object {
        "centered": true,
        "children": Array [
          <GridColumn
            computer={4}
            floated="left"
            only="tablet computer"
            tablet={4}
>
            <Image
                        as="img"
                        size="tiny"
                        src="logo.svg"
                        ui={true}
            />
</GridColumn>,
          <GridColumn
            computer={8}
            mobile={10}
            stretched={true}
            tablet={8}
            textAlign="center"
            verticalAlign="middle"
>
            <Input
                        placeholder="Search..."
                        type="text"
            />
</GridColumn>,
          <GridColumn
            computer={4}
            mobile={6}
            tablet={4}
            textAlign="right"
/>,
        ],
        "columns": 3,
      },
      "ref": null,
      "rendered": Array [
        Object {
          "instance": null,
          "key": undefined,
          "nodeType": "function",
          "props": Object {
            "children": <Image
              as="img"
              size="tiny"
              src="logo.svg"
              ui={true}
/>,
            "computer": 4,
            "floated": "left",
            "only": "tablet computer",
            "tablet": 4,
          },
          "ref": null,
          "rendered": Object {
            "instance": null,
            "key": undefined,
            "nodeType": "function",
            "props": Object {
              "as": "img",
              "size": "tiny",
              "src": "logo.svg",
              "ui": true,
            },
            "ref": null,
            "rendered": null,
            "type": [Function],
          },
          "type": [Function],
        },
        Object {
          "instance": null,
          "key": undefined,
          "nodeType": "function",
          "props": Object {
            "children": <Input
              placeholder="Search..."
              type="text"
/>,
            "computer": 8,
            "mobile": 10,
            "stretched": true,
            "tablet": 8,
            "textAlign": "center",
            "verticalAlign": "middle",
          },
          "ref": null,
          "rendered": Object {
            "instance": null,
            "key": undefined,
            "nodeType": "class",
            "props": Object {
              "placeholder": "Search...",
              "type": "text",
            },
            "ref": null,
            "rendered": null,
            "type": [Function],
          },
          "type": [Function],
        },
        Object {
          "instance": null,
          "key": undefined,
          "nodeType": "function",
          "props": Object {
            "computer": 4,
            "mobile": 6,
            "tablet": 4,
            "textAlign": "right",
          },
          "ref": null,
          "rendered": null,
          "type": [Function],
        },
      ],
      "type": [Function],
    },
  ],
  Symbol(enzyme.__options__): Object {
    "adapter": ReactSixteenAdapter {
      "options": Object {
        "enableComponentDidUpdateOnSetState": true,
      },
    },
    "disableLifecycleMethods": true,
  },
}
`;
